# serializer version: 1
# name: test_create_access_token
  'eyJhbGciOiJIUzI1NiIsInR5cCI6IkpXVCJ9.eyJpZCI6Im5hbm9pZCIsInJvb21faWQiOjEsInJvbGUiOiJhZG1pbiIsImV4cCI6OTAwfQ.YLz0ED-y0w9BtLFTdT2tNX9XD8VkTwXwREDTwtWleTU'
# ---
